// Jest Snapshot v1, https://goo.gl/fbAQLP

exports[`should render list to string 1`] = `"(+ (\\"Test me\\" (+ (3 2))))"`;
